------------------------------------------------------------
TimeQuest Timing Analyzer Summary
------------------------------------------------------------

Type  : Slow 1100mV 125C Model Setup 'CLK'
Slack : -11.557
TNS   : -21523.000

Type  : Slow 1100mV 125C Model Hold 'CLK'
Slack : 0.104
TNS   : 0.000

Type  : Slow 1100mV 125C Model Minimum Pulse Width 'CLK'
Slack : -3.545
TNS   : -13815.118

Type  : Slow 1100mV -40C Model Setup 'CLK'
Slack : -11.702
TNS   : -21909.481

Type  : Slow 1100mV -40C Model Hold 'CLK'
Slack : -0.089
TNS   : -0.424

Type  : Slow 1100mV -40C Model Minimum Pulse Width 'CLK'
Slack : -2.636
TNS   : -12947.627

Type  : Fast 1100mV 125C Model Setup 'CLK'
Slack : -5.986
TNS   : -8578.007

Type  : Fast 1100mV 125C Model Hold 'CLK'
Slack : 0.092
TNS   : 0.000

Type  : Fast 1100mV 125C Model Minimum Pulse Width 'CLK'
Slack : -2.174
TNS   : -7347.562

Type  : Fast 1100mV -40C Model Setup 'CLK'
Slack : -4.863
TNS   : -6575.632

Type  : Fast 1100mV -40C Model Hold 'CLK'
Slack : -0.031
TNS   : -0.050

Type  : Fast 1100mV -40C Model Minimum Pulse Width 'CLK'
Slack : -2.174
TNS   : -7413.085

------------------------------------------------------------
